  state 0 ok
  max_phase_radiation: 0.00, max_container_radiation: 0.00
  phases: pid->name:capacity,count,radiation
  containers: cid->pid->material,radioactivity
->new_tracker(10,20)
  state 1 e4: max container must not be more than max phase radiation
->new_tracker(20,10)
  state 2 ok
  max_phase_radiation: 20.00, max_container_radiation: 10.00
  phases: pid->name:capacity,count,radiation
  containers: cid->pid->material,radioactivity
->redo
  state 3 e20: there is no more to redo
->redo
  state 4 e20: there is no more to redo
->undo
  state 5 e19: there is no more to undo
->undo
  state 6 e19: there is no more to undo
->undo
  state 7 e19: there is no more to undo
->new_phase("A","clean",3,<<liquid, glass, metal, plastic>>)
  state 8 ok
  max_phase_radiation: 20.00, max_container_radiation: 10.00
  phases: pid->name:capacity,count,radiation
    A->clean:3,0,0.00,{liquid,glass,metal,plastic}
  containers: cid->pid->material,radioactivity
->new_phase("B","dirty",5,<<glass>>)
  state 9 ok
  max_phase_radiation: 20.00, max_container_radiation: 10.00
  phases: pid->name:capacity,count,radiation
    A->clean:3,0,0.00,{liquid,glass,metal,plastic}
    B->dirty:5,0,0.00,{glass}
  containers: cid->pid->material,radioactivity
->new_phase("C","rojas",1,<<metal>>)
  state 10 ok
  max_phase_radiation: 20.00, max_container_radiation: 10.00
  phases: pid->name:capacity,count,radiation
    A->clean:3,0,0.00,{liquid,glass,metal,plastic}
    B->dirty:5,0,0.00,{glass}
    C->rojas:1,0,0.00,{metal}
  containers: cid->pid->material,radioactivity
->new_phase("E","rojas",1,<<metal>>)
  state 11 ok
  max_phase_radiation: 20.00, max_container_radiation: 10.00
  phases: pid->name:capacity,count,radiation
    A->clean:3,0,0.00,{liquid,glass,metal,plastic}
    B->dirty:5,0,0.00,{glass}
    C->rojas:1,0,0.00,{metal}
    E->rojas:1,0,0.00,{metal}
  containers: cid->pid->material,radioactivity
->new_phase("F","clear",3,<<metal>>)
  state 12 ok
  max_phase_radiation: 20.00, max_container_radiation: 10.00
  phases: pid->name:capacity,count,radiation
    A->clean:3,0,0.00,{liquid,glass,metal,plastic}
    B->dirty:5,0,0.00,{glass}
    C->rojas:1,0,0.00,{metal}
    E->rojas:1,0,0.00,{metal}
    F->clear:3,0,0.00,{metal}
  containers: cid->pid->material,radioactivity
->new_container("A1",[metal, 2],"A")
  state 13 ok
  max_phase_radiation: 20.00, max_container_radiation: 10.00
  phases: pid->name:capacity,count,radiation
    A->clean:3,1,2.00,{liquid,glass,metal,plastic}
    B->dirty:5,0,0.00,{glass}
    C->rojas:1,0,0.00,{metal}
    E->rojas:1,0,0.00,{metal}
    F->clear:3,0,0.00,{metal}
  containers: cid->pid->material,radioactivity
    A1->A->metal,2.00
->move_container("A1","A","C")
  state 14 ok
  max_phase_radiation: 20.00, max_container_radiation: 10.00
  phases: pid->name:capacity,count,radiation
    A->clean:3,0,0.00,{liquid,glass,metal,plastic}
    B->dirty:5,0,0.00,{glass}
    C->rojas:1,1,2.00,{metal}
    E->rojas:1,0,0.00,{metal}
    F->clear:3,0,0.00,{metal}
  containers: cid->pid->material,radioactivity
    A1->C->metal,2.00
->move_container("A1","A","F")
  state 15 e17: this container identifier is not in the source phase
->undo
  state 16 (to 14) ok
  max_phase_radiation: 20.00, max_container_radiation: 10.00
  phases: pid->name:capacity,count,radiation
    A->clean:3,0,0.00,{liquid,glass,metal,plastic}
    B->dirty:5,0,0.00,{glass}
    C->rojas:1,1,2.00,{metal}
    E->rojas:1,0,0.00,{metal}
    F->clear:3,0,0.00,{metal}
  containers: cid->pid->material,radioactivity
    A1->C->metal,2.00
->remove_container("A1")
  state 17 ok
  max_phase_radiation: 20.00, max_container_radiation: 10.00
  phases: pid->name:capacity,count,radiation
    A->clean:3,0,0.00,{liquid,glass,metal,plastic}
    B->dirty:5,0,0.00,{glass}
    C->rojas:1,0,0.00,{metal}
    E->rojas:1,0,0.00,{metal}
    F->clear:3,0,0.00,{metal}
  containers: cid->pid->material,radioactivity
->undo
  state 18 (to 14) ok
  max_phase_radiation: 20.00, max_container_radiation: 10.00
  phases: pid->name:capacity,count,radiation
    A->clean:3,0,0.00,{liquid,glass,metal,plastic}
    B->dirty:5,0,0.00,{glass}
    C->rojas:1,1,2.00,{metal}
    E->rojas:1,0,0.00,{metal}
    F->clear:3,0,0.00,{metal}
  containers: cid->pid->material,radioactivity
    A1->C->metal,2.00
->redo
  state 19 (to 17) ok
  max_phase_radiation: 20.00, max_container_radiation: 10.00
  phases: pid->name:capacity,count,radiation
    A->clean:3,0,0.00,{liquid,glass,metal,plastic}
    B->dirty:5,0,0.00,{glass}
    C->rojas:1,0,0.00,{metal}
    E->rojas:1,0,0.00,{metal}
    F->clear:3,0,0.00,{metal}
  containers: cid->pid->material,radioactivity
->remove_phase("E")
  state 20 ok
  max_phase_radiation: 20.00, max_container_radiation: 10.00
  phases: pid->name:capacity,count,radiation
    A->clean:3,0,0.00,{liquid,glass,metal,plastic}
    B->dirty:5,0,0.00,{glass}
    C->rojas:1,0,0.00,{metal}
    F->clear:3,0,0.00,{metal}
  containers: cid->pid->material,radioactivity
->undo
  state 21 (to 17) ok
  max_phase_radiation: 20.00, max_container_radiation: 10.00
  phases: pid->name:capacity,count,radiation
    A->clean:3,0,0.00,{liquid,glass,metal,plastic}
    B->dirty:5,0,0.00,{glass}
    C->rojas:1,0,0.00,{metal}
    E->rojas:1,0,0.00,{metal}
    F->clear:3,0,0.00,{metal}
  containers: cid->pid->material,radioactivity
->undo
  state 22 (to 14) ok
  max_phase_radiation: 20.00, max_container_radiation: 10.00
  phases: pid->name:capacity,count,radiation
    A->clean:3,0,0.00,{liquid,glass,metal,plastic}
    B->dirty:5,0,0.00,{glass}
    C->rojas:1,1,2.00,{metal}
    E->rojas:1,0,0.00,{metal}
    F->clear:3,0,0.00,{metal}
  containers: cid->pid->material,radioactivity
    A1->C->metal,2.00
->undo
  state 23 (to 13) ok
  max_phase_radiation: 20.00, max_container_radiation: 10.00
  phases: pid->name:capacity,count,radiation
    A->clean:3,1,2.00,{liquid,glass,metal,plastic}
    B->dirty:5,0,0.00,{glass}
    C->rojas:1,0,0.00,{metal}
    E->rojas:1,0,0.00,{metal}
    F->clear:3,0,0.00,{metal}
  containers: cid->pid->material,radioactivity
    A1->A->metal,2.00
->remove_phase("E")
  state 24 e1: current tracker is in use
->redo
  state 25 e20: there is no more to redo
->undo
  state 26 (to 13) ok
  max_phase_radiation: 20.00, max_container_radiation: 10.00
  phases: pid->name:capacity,count,radiation
    A->clean:3,1,2.00,{liquid,glass,metal,plastic}
    B->dirty:5,0,0.00,{glass}
    C->rojas:1,0,0.00,{metal}
    E->rojas:1,0,0.00,{metal}
    F->clear:3,0,0.00,{metal}
  containers: cid->pid->material,radioactivity
    A1->A->metal,2.00
