  state 0 ok
  max_phase_radiation: 0.00, max_container_radiation: 0.00
  phases: pid->name:capacity,count,radiation
  containers: cid->pid->material,radioactivity
->new_tracker(50,10)
  state 1 ok
  max_phase_radiation: 50.00, max_container_radiation: 10.00
  phases: pid->name:capacity,count,radiation
  containers: cid->pid->material,radioactivity
->new_phase("pid2","compacting",2,<<glass, metal, plastic>>)
  state 2 ok
  max_phase_radiation: 50.00, max_container_radiation: 10.00
  phases: pid->name:capacity,count,radiation
    pid2->compacting:2,0,0.00,{glass,metal,plastic}
  containers: cid->pid->material,radioactivity
->new_phase("pid1","unpacking",2,<<glass, metal, plastic, liquid>>)
  state 3 ok
  max_phase_radiation: 50.00, max_container_radiation: 10.00
  phases: pid->name:capacity,count,radiation
    pid1->unpacking:2,0,0.00,{glass,metal,plastic,liquid}
    pid2->compacting:2,0,0.00,{glass,metal,plastic}
  containers: cid->pid->material,radioactivity
->new_container("cid4",[metal, 3],"pid1")
  state 4 ok
  max_phase_radiation: 50.00, max_container_radiation: 10.00
  phases: pid->name:capacity,count,radiation
    pid1->unpacking:2,1,3.00,{glass,metal,plastic,liquid}
    pid2->compacting:2,0,0.00,{glass,metal,plastic}
  containers: cid->pid->material,radioactivity
    cid4->pid1->metal,3.00
->new_container("cid1",[glass, 5.5],"pid1")
  state 5 ok
  max_phase_radiation: 50.00, max_container_radiation: 10.00
  phases: pid->name:capacity,count,radiation
    pid1->unpacking:2,2,8.50,{glass,metal,plastic,liquid}
    pid2->compacting:2,0,0.00,{glass,metal,plastic}
  containers: cid->pid->material,radioactivity
    cid1->pid1->glass,5.50
    cid4->pid1->metal,3.00
->new_container("cid2",[liquid, 0.5],"pid1")
  state 6 e11: this container will exceed phase capacity
->move_container("cid1","pid1","pid2")
  state 7 ok
  max_phase_radiation: 50.00, max_container_radiation: 10.00
  phases: pid->name:capacity,count,radiation
    pid1->unpacking:2,1,3.00,{glass,metal,plastic,liquid}
    pid2->compacting:2,1,5.50,{glass,metal,plastic}
  containers: cid->pid->material,radioactivity
    cid1->pid2->glass,5.50
    cid4->pid1->metal,3.00
->move_container("cid4","pid1","pid2")
  state 8 ok
  max_phase_radiation: 50.00, max_container_radiation: 10.00
  phases: pid->name:capacity,count,radiation
    pid1->unpacking:2,0,0.00,{glass,metal,plastic,liquid}
    pid2->compacting:2,2,8.50,{glass,metal,plastic}
  containers: cid->pid->material,radioactivity
    cid1->pid2->glass,5.50
    cid4->pid2->metal,3.00
